cccccccc SSSSSSSSSSSSSSSSSSSSS
  cccccc
    ... ..........
  ccc
  ccccc
    ... ...........
  ccc
  cc SSSSSSSSSSSSSSSSSSSSSSSSSSSSSSSSSSSS
    cccccc ......._OOO_.....SS.
    cccccc ......._ooo_OOO_.....N.
    cccc
    cccc
  ccc
  ccccccc SSSSSSSSSSSSSSSSSSSSS
    cc SSSSSSSSSSSSSS
    ccc
  ccc
ccc
